==================================== INPUT ====================================
/**
 * Copyright (c) Meta Platforms, Inc. and affiliates.
 *
 * This source code is licensed under the MIT license found in the
 * LICENSE file in the root directory of this source tree.
 */

//extract
function id(user: User): ID {}

//extract
function number(user: User): ?number {}

//extract
function string(user: User): ?string {}
==================================== OUTPUT ===================================
Strong(
    FieldData {
        field_name: WithLocation {
            location: <generated>:211:213,
            item: "id",
        },
        return_type: GenericTypeAnnotation(
            GenericTypeAnnotation {
                id: Identifier(
                    Identifier {
                        name: "ID",
                        binding: None,
                        type_annotation: None,
                        loc: None,
                        range: SourceRange {
                            start: 227,
                            end: 229,
                        },
                    },
                ),
                type_parameters: None,
                loc: None,
                range: SourceRange {
                    start: 227,
                    end: 229,
                },
            },
        ),
        entity_type: Some(
            GenericTypeAnnotation(
                GenericTypeAnnotation {
                    id: Identifier(
                        Identifier {
                            name: "User",
                            binding: None,
                            type_annotation: None,
                            loc: None,
                            range: SourceRange {
                                start: 220,
                                end: 224,
                            },
                        },
                    ),
                    type_parameters: None,
                    loc: None,
                    range: SourceRange {
                        start: 220,
                        end: 224,
                    },
                },
            ),
        ),
        arguments: None,
        is_live: None,
    },
)

Strong(
    FieldData {
        field_name: WithLocation {
            location: <generated>:253:259,
            item: "number",
        },
        return_type: NullableTypeAnnotation(
            NullableTypeAnnotation {
                type_annotation: NumberTypeAnnotation(
                    NumberTypeAnnotation {
                        loc: None,
                        range: SourceRange {
                            start: 274,
                            end: 280,
                        },
                    },
                ),
                loc: None,
                range: SourceRange {
                    start: 273,
                    end: 280,
                },
            },
        ),
        entity_type: Some(
            GenericTypeAnnotation(
                GenericTypeAnnotation {
                    id: Identifier(
                        Identifier {
                            name: "User",
                            binding: None,
                            type_annotation: None,
                            loc: None,
                            range: SourceRange {
                                start: 266,
                                end: 270,
                            },
                        },
                    ),
                    type_parameters: None,
                    loc: None,
                    range: SourceRange {
                        start: 266,
                        end: 270,
                    },
                },
            ),
        ),
        arguments: None,
        is_live: None,
    },
)

Strong(
    FieldData {
        field_name: WithLocation {
            location: <generated>:304:310,
            item: "string",
        },
        return_type: NullableTypeAnnotation(
            NullableTypeAnnotation {
                type_annotation: StringTypeAnnotation(
                    StringTypeAnnotation {
                        loc: None,
                        range: SourceRange {
                            start: 325,
                            end: 331,
                        },
                    },
                ),
                loc: None,
                range: SourceRange {
                    start: 324,
                    end: 331,
                },
            },
        ),
        entity_type: Some(
            GenericTypeAnnotation(
                GenericTypeAnnotation {
                    id: Identifier(
                        Identifier {
                            name: "User",
                            binding: None,
                            type_annotation: None,
                            loc: None,
                            range: SourceRange {
                                start: 317,
                                end: 321,
                            },
                        },
                    ),
                    type_parameters: None,
                    loc: None,
                    range: SourceRange {
                        start: 317,
                        end: 321,
                    },
                },
            ),
        ),
        arguments: None,
        is_live: None,
    },
)
